

================================================================
== Vitis HLS Report for 'xFDuplicate_rows_2_1080_1920_3_1_5_1920_s'
================================================================
* Date:           Sun Feb 25 01:46:24 2024

* Version:        2020.2.2 (Build 3118627 on Tue Feb  9 05:13:49 MST 2021)
* Project:        canny_accel
* Solution:       solution1 (Vivado IP Flow Target)
* Product family: zynq
* Target device:  xc7z020-clg400-1


================================================================
== Performance Estimates
================================================================
+ Timing: 
    * Summary: 
    +--------+----------+----------+------------+
    |  Clock |  Target  | Estimated| Uncertainty|
    +--------+----------+----------+------------+
    |ap_clk  |  10.00 ns|  7.268 ns|     2.70 ns|
    +--------+----------+----------+------------+

+ Latency: 
    * Summary: 
    +---------+---------+-----------+-----------+---------+---------+---------+
    |  Latency (cycles) |   Latency (absolute)  |      Interval     | Pipeline|
    |   min   |   max   |    min    |    max    |   min   |   max   |   Type  |
    +---------+---------+-----------+-----------+---------+---------+---------+
    |  2076841|  2076841|  20.768 ms|  20.768 ms|  2076841|  2076841|     none|
    +---------+---------+-----------+-----------+---------+---------+---------+

    + Detail: 
        * Instance: 
        N/A

        * Loop: 
        +-------------+---------+---------+----------+-----------+-----------+------+----------+
        |             |  Latency (cycles) | Iteration|  Initiation Interval  | Trip |          |
        |  Loop Name  |   min   |   max   |  Latency |  achieved |   target  | Count| Pipelined|
        +-------------+---------+---------+----------+-----------+-----------+------+----------+
        |- Row_Loop   |  2076840|  2076840|      1923|          -|          -|  1080|        no|
        | + Col_Loop  |     1920|     1920|         2|          1|          1|  1920|       yes|
        +-------------+---------+---------+----------+-----------+-----------+------+----------+

============================================================
+ Verbose Summary: Synthesis Manager
============================================================
InlineROM: 1
ExposeGlobal: 0
============================================================
+ Verbose Summary: CDFG Model
============================================================
IsTopModel: 0
ResetActiveHigh: 1
IsCombinational: 2
IsDatapathOnly: 0
HasWiredReturn: 1
HasMFsm: 0
HasVarLatency: 1
IsPipeline: 0
IsRtlPipelined: 0
IsInstanceOverlapped: 0
IsDontTouch: 0
HasImplIP: 0
IsGatedGlobalClock: 0

+ Individual pipeline summary: 
  * Pipeline-0: initiation interval (II) = 1, depth = 2


============================================================
+ Verbose Summary: Schedule
============================================================
* Number of FSM states : 5
* Pipeline : 1
  Pipeline-0 : II = 1, D = 2, States = { 3 4 }
* Dataflow Pipeline: 0

* FSM state transitions: 
1 --> 2 
2 --> 3 
3 --> 5 4 
4 --> 3 
5 --> 2 

* FSM state operations: 

State 1 <SV = 0> <Delay = 7.26>
ST_1 : Operation 6 [1/1] (0.00ns)   --->   "%specinterface_ln0 = specinterface void @_ssdm_op_SpecInterface, i16 %gradx_mat_42, void @empty_13, i32 0, i32 0, void @empty_17, i32 0, i32 0, void @empty_17, void @empty_17, void @empty_17, i32 0, i32 0, i32 0, i32 0, void @empty_17, void @empty_17"   --->   Operation 6 'specinterface' 'specinterface_ln0' <Predicate = true> <Delay = 0.00>
ST_1 : Operation 7 [1/1] (0.00ns)   --->   "%specinterface_ln0 = specinterface void @_ssdm_op_SpecInterface, i16 %grady_mat_45, void @empty_13, i32 0, i32 0, void @empty_17, i32 0, i32 0, void @empty_17, void @empty_17, void @empty_17, i32 0, i32 0, i32 0, i32 0, void @empty_17, void @empty_17"   --->   Operation 7 'specinterface' 'specinterface_ln0' <Predicate = true> <Delay = 0.00>
ST_1 : Operation 8 [1/1] (0.00ns)   --->   "%specinterface_ln0 = specinterface void @_ssdm_op_SpecInterface, i16 %gradx1_mat_43, void @empty_13, i32 0, i32 0, void @empty_17, i32 0, i32 0, void @empty_17, void @empty_17, void @empty_17, i32 0, i32 0, i32 0, i32 0, void @empty_17, void @empty_17"   --->   Operation 8 'specinterface' 'specinterface_ln0' <Predicate = true> <Delay = 0.00>
ST_1 : Operation 9 [1/1] (0.00ns)   --->   "%specinterface_ln0 = specinterface void @_ssdm_op_SpecInterface, i16 %gradx2_mat_44, void @empty_13, i32 0, i32 0, void @empty_17, i32 0, i32 0, void @empty_17, void @empty_17, void @empty_17, i32 0, i32 0, i32 0, i32 0, void @empty_17, void @empty_17"   --->   Operation 9 'specinterface' 'specinterface_ln0' <Predicate = true> <Delay = 0.00>
ST_1 : Operation 10 [1/1] (0.00ns)   --->   "%specinterface_ln0 = specinterface void @_ssdm_op_SpecInterface, i16 %grady1_mat_46, void @empty_13, i32 0, i32 0, void @empty_17, i32 0, i32 0, void @empty_17, void @empty_17, void @empty_17, i32 0, i32 0, i32 0, i32 0, void @empty_17, void @empty_17"   --->   Operation 10 'specinterface' 'specinterface_ln0' <Predicate = true> <Delay = 0.00>
ST_1 : Operation 11 [1/1] (0.00ns)   --->   "%specinterface_ln0 = specinterface void @_ssdm_op_SpecInterface, i16 %grady2_mat_47, void @empty_13, i32 0, i32 0, void @empty_17, i32 0, i32 0, void @empty_17, void @empty_17, void @empty_17, i32 0, i32 0, i32 0, i32 0, void @empty_17, void @empty_17"   --->   Operation 11 'specinterface' 'specinterface_ln0' <Predicate = true> <Delay = 0.00>
ST_1 : Operation 12 [1/1] (0.00ns)   --->   "%specinterface_ln0 = specinterface void @_ssdm_op_SpecInterface, i11 %img_width, void @ap_fifo_str, i32 0, i32 0, void @p_str, i32 0, i32 0, void @p_str, void @p_str, void @p_str, i32 2, i32 2, i32 16, i32 16, void @p_str, void @ScalarProp_str"   --->   Operation 12 'specinterface' 'specinterface_ln0' <Predicate = true> <Delay = 0.00>
ST_1 : Operation 13 [1/1] (0.00ns)   --->   "%specinterface_ln0 = specinterface void @_ssdm_op_SpecInterface, i11 %img_height, void @ap_fifo_str, i32 0, i32 0, void @p_str, i32 0, i32 0, void @p_str, void @p_str, void @p_str, i32 2, i32 2, i32 16, i32 16, void @p_str, void @ScalarProp_str"   --->   Operation 13 'specinterface' 'specinterface_ln0' <Predicate = true> <Delay = 0.00>
ST_1 : Operation 14 [1/1] (3.63ns)   --->   "%img_height_read = read i11 @_ssdm_op_Read.ap_fifo.i11P0A, i11 %img_height"   --->   Operation 14 'read' 'img_height_read' <Predicate = true> <Delay = 3.63> <CoreInst = "FIFO_SRL">   --->   Core 81 'FIFO_SRL' <Latency = 0> <II = 1> <Delay = 3.63> <Storage> <Opcode : 'read' 'write' 'nbread' 'nbwrite'> <Ports = 0> <Width = 11> <Depth = 2> <FIFO>
ST_1 : Operation 15 [1/1] (3.63ns)   --->   "%img_width_read = read i11 @_ssdm_op_Read.ap_fifo.i11P0A, i11 %img_width"   --->   Operation 15 'read' 'img_width_read' <Predicate = true> <Delay = 3.63> <CoreInst = "FIFO_SRL">   --->   Core 81 'FIFO_SRL' <Latency = 0> <II = 1> <Delay = 3.63> <Storage> <Opcode : 'read' 'write' 'nbread' 'nbwrite'> <Ports = 0> <Width = 11> <Depth = 2> <FIFO>
ST_1 : Operation 16 [1/1] (0.00ns)   --->   "%specinterface_ln0 = specinterface void @_ssdm_op_SpecInterface, i11 %img_height_out, void @ap_fifo_str, i32 0, i32 0, void @p_str, i32 0, i32 0, void @p_str, void @p_str, void @p_str, i32 2, i32 2, i32 16, i32 16, void @p_str, void @ScalarProp_str"   --->   Operation 16 'specinterface' 'specinterface_ln0' <Predicate = true> <Delay = 0.00>
ST_1 : Operation 17 [1/1] (3.63ns)   --->   "%write_ln152 = write void @_ssdm_op_Write.ap_fifo.i11P0A, i11 %img_height_out, i11 %img_height_read" [../../Vitis_Libraries/vision/L1/include/imgproc/xf_magnitude.hpp:152]   --->   Operation 17 'write' 'write_ln152' <Predicate = true> <Delay = 3.63> <CoreInst = "FIFO_SRL">   --->   Core 81 'FIFO_SRL' <Latency = 0> <II = 1> <Delay = 3.63> <Storage> <Opcode : 'read' 'write' 'nbread' 'nbwrite'> <Ports = 0> <Width = 11> <Depth = 2> <FIFO>
ST_1 : Operation 18 [1/1] (0.00ns)   --->   "%specinterface_ln0 = specinterface void @_ssdm_op_SpecInterface, i11 %img_height_out1, void @ap_fifo_str, i32 0, i32 0, void @p_str, i32 0, i32 0, void @p_str, void @p_str, void @p_str, i32 2, i32 2, i32 16, i32 16, void @p_str, void @ScalarProp_str"   --->   Operation 18 'specinterface' 'specinterface_ln0' <Predicate = true> <Delay = 0.00>
ST_1 : Operation 19 [1/1] (3.63ns)   --->   "%write_ln152 = write void @_ssdm_op_Write.ap_fifo.i11P0A, i11 %img_height_out1, i11 %img_height_read" [../../Vitis_Libraries/vision/L1/include/imgproc/xf_magnitude.hpp:152]   --->   Operation 19 'write' 'write_ln152' <Predicate = true> <Delay = 3.63> <CoreInst = "FIFO_SRL">   --->   Core 81 'FIFO_SRL' <Latency = 0> <II = 1> <Delay = 3.63> <Storage> <Opcode : 'read' 'write' 'nbread' 'nbwrite'> <Ports = 0> <Width = 11> <Depth = 3> <FIFO>
ST_1 : Operation 20 [1/1] (0.00ns)   --->   "%specinterface_ln0 = specinterface void @_ssdm_op_SpecInterface, i11 %img_width_out, void @ap_fifo_str, i32 0, i32 0, void @p_str, i32 0, i32 0, void @p_str, void @p_str, void @p_str, i32 2, i32 2, i32 16, i32 16, void @p_str, void @ScalarProp_str"   --->   Operation 20 'specinterface' 'specinterface_ln0' <Predicate = true> <Delay = 0.00>
ST_1 : Operation 21 [1/1] (3.63ns)   --->   "%write_ln152 = write void @_ssdm_op_Write.ap_fifo.i11P0A, i11 %img_width_out, i11 %img_width_read" [../../Vitis_Libraries/vision/L1/include/imgproc/xf_magnitude.hpp:152]   --->   Operation 21 'write' 'write_ln152' <Predicate = true> <Delay = 3.63> <CoreInst = "FIFO_SRL">   --->   Core 81 'FIFO_SRL' <Latency = 0> <II = 1> <Delay = 3.63> <Storage> <Opcode : 'read' 'write' 'nbread' 'nbwrite'> <Ports = 0> <Width = 11> <Depth = 2> <FIFO>
ST_1 : Operation 22 [1/1] (0.00ns)   --->   "%specinterface_ln0 = specinterface void @_ssdm_op_SpecInterface, i11 %img_width_out2, void @ap_fifo_str, i32 0, i32 0, void @p_str, i32 0, i32 0, void @p_str, void @p_str, void @p_str, i32 2, i32 2, i32 16, i32 16, void @p_str, void @ScalarProp_str"   --->   Operation 22 'specinterface' 'specinterface_ln0' <Predicate = true> <Delay = 0.00>
ST_1 : Operation 23 [1/1] (3.63ns)   --->   "%write_ln152 = write void @_ssdm_op_Write.ap_fifo.i11P0A, i11 %img_width_out2, i11 %img_width_read" [../../Vitis_Libraries/vision/L1/include/imgproc/xf_magnitude.hpp:152]   --->   Operation 23 'write' 'write_ln152' <Predicate = true> <Delay = 3.63> <CoreInst = "FIFO_SRL">   --->   Core 81 'FIFO_SRL' <Latency = 0> <II = 1> <Delay = 3.63> <Storage> <Opcode : 'read' 'write' 'nbread' 'nbwrite'> <Ports = 0> <Width = 11> <Depth = 3> <FIFO>
ST_1 : Operation 24 [1/1] (0.00ns)   --->   "%specinterface_ln0 = specinterface void @_ssdm_op_SpecInterface, i16 %grady2_mat_47, void @empty_13, i32 0, i32 0, void @empty_17, i32 0, i32 0, void @empty_17, void @empty_17, void @empty_17, i32 0, i32 0, i32 0, i32 0, void @empty_17, void @empty_17"   --->   Operation 24 'specinterface' 'specinterface_ln0' <Predicate = true> <Delay = 0.00>
ST_1 : Operation 25 [1/1] (0.00ns)   --->   "%specinterface_ln0 = specinterface void @_ssdm_op_SpecInterface, i16 %grady1_mat_46, void @empty_13, i32 0, i32 0, void @empty_17, i32 0, i32 0, void @empty_17, void @empty_17, void @empty_17, i32 0, i32 0, i32 0, i32 0, void @empty_17, void @empty_17"   --->   Operation 25 'specinterface' 'specinterface_ln0' <Predicate = true> <Delay = 0.00>
ST_1 : Operation 26 [1/1] (0.00ns)   --->   "%specinterface_ln0 = specinterface void @_ssdm_op_SpecInterface, i16 %grady_mat_45, void @empty_13, i32 0, i32 0, void @empty_17, i32 0, i32 0, void @empty_17, void @empty_17, void @empty_17, i32 0, i32 0, i32 0, i32 0, void @empty_17, void @empty_17"   --->   Operation 26 'specinterface' 'specinterface_ln0' <Predicate = true> <Delay = 0.00>
ST_1 : Operation 27 [1/1] (0.00ns)   --->   "%specinterface_ln0 = specinterface void @_ssdm_op_SpecInterface, i16 %gradx2_mat_44, void @empty_13, i32 0, i32 0, void @empty_17, i32 0, i32 0, void @empty_17, void @empty_17, void @empty_17, i32 0, i32 0, i32 0, i32 0, void @empty_17, void @empty_17"   --->   Operation 27 'specinterface' 'specinterface_ln0' <Predicate = true> <Delay = 0.00>
ST_1 : Operation 28 [1/1] (0.00ns)   --->   "%specinterface_ln0 = specinterface void @_ssdm_op_SpecInterface, i16 %gradx1_mat_43, void @empty_13, i32 0, i32 0, void @empty_17, i32 0, i32 0, void @empty_17, void @empty_17, void @empty_17, i32 0, i32 0, i32 0, i32 0, void @empty_17, void @empty_17"   --->   Operation 28 'specinterface' 'specinterface_ln0' <Predicate = true> <Delay = 0.00>
ST_1 : Operation 29 [1/1] (0.00ns)   --->   "%specinterface_ln0 = specinterface void @_ssdm_op_SpecInterface, i16 %gradx_mat_42, void @empty_13, i32 0, i32 0, void @empty_17, i32 0, i32 0, void @empty_17, void @empty_17, void @empty_17, i32 0, i32 0, i32 0, i32 0, void @empty_17, void @empty_17"   --->   Operation 29 'specinterface' 'specinterface_ln0' <Predicate = true> <Delay = 0.00>
ST_1 : Operation 30 [1/1] (1.58ns)   --->   "%br_ln56 = br void" [../../Vitis_Libraries/vision/L1/include/imgproc/xf_canny.hpp:56->../../Vitis_Libraries/vision/L1/include/imgproc/xf_magnitude.hpp:152]   --->   Operation 30 'br' 'br_ln56' <Predicate = true> <Delay = 1.58>

State 2 <SV = 1> <Delay = 1.88>
ST_2 : Operation 31 [1/1] (0.00ns)   --->   "%row_V = phi i11 0, void %entry, i11 %row_V_3, void %._crit_edge.loopexit.i"   --->   Operation 31 'phi' 'row_V' <Predicate = true> <Delay = 0.00>
ST_2 : Operation 32 [1/1] (1.63ns)   --->   "%row_V_3 = add i11 %row_V, i11 1"   --->   Operation 32 'add' 'row_V_3' <Predicate = true> <Delay = 1.63> <CoreInst = "Adder">   --->   Core 1 'Adder' <Latency = 0> <II = 1> <Delay = 1.63> <FuncUnit> <Opcode : 'add' 'sub'> <InPorts = 2> <OutPorts = 1>
ST_2 : Operation 33 [1/1] (1.88ns)   --->   "%icmp_ln56 = icmp_eq  i11 %row_V, i11 %img_height_read" [../../Vitis_Libraries/vision/L1/include/imgproc/xf_canny.hpp:56->../../Vitis_Libraries/vision/L1/include/imgproc/xf_magnitude.hpp:152]   --->   Operation 33 'icmp' 'icmp_ln56' <Predicate = true> <Delay = 1.88> <CoreInst = "Cmp">   --->   Core 9 'Cmp' <Latency = 0> <II = 1> <Delay = 1.88> <FuncUnit> <Opcode : 'icmp'> <InPorts = 2> <OutPorts = 1>
ST_2 : Operation 34 [1/1] (0.00ns)   --->   "%br_ln56 = br i1 %icmp_ln56, void %.split3.i, void %.exit" [../../Vitis_Libraries/vision/L1/include/imgproc/xf_canny.hpp:56->../../Vitis_Libraries/vision/L1/include/imgproc/xf_magnitude.hpp:152]   --->   Operation 34 'br' 'br_ln56' <Predicate = true> <Delay = 0.00>
ST_2 : Operation 35 [1/1] (0.00ns)   --->   "%speclooptripcount_ln54 = speclooptripcount void @_ssdm_op_SpecLoopTripCount, i64 1080, i64 1080, i64 1080" [../../Vitis_Libraries/vision/L1/include/imgproc/xf_canny.hpp:54->../../Vitis_Libraries/vision/L1/include/imgproc/xf_magnitude.hpp:152]   --->   Operation 35 'speclooptripcount' 'speclooptripcount_ln54' <Predicate = (!icmp_ln56)> <Delay = 0.00>
ST_2 : Operation 36 [1/1] (0.00ns)   --->   "%specloopname_ln54 = specloopname void @_ssdm_op_SpecLoopName, void @empty_12" [../../Vitis_Libraries/vision/L1/include/imgproc/xf_canny.hpp:54->../../Vitis_Libraries/vision/L1/include/imgproc/xf_magnitude.hpp:152]   --->   Operation 36 'specloopname' 'specloopname_ln54' <Predicate = (!icmp_ln56)> <Delay = 0.00>
ST_2 : Operation 37 [1/1] (1.58ns)   --->   "%br_ln62 = br void" [../../Vitis_Libraries/vision/L1/include/imgproc/xf_canny.hpp:62->../../Vitis_Libraries/vision/L1/include/imgproc/xf_magnitude.hpp:152]   --->   Operation 37 'br' 'br_ln62' <Predicate = (!icmp_ln56)> <Delay = 1.58>
ST_2 : Operation 38 [1/1] (0.00ns)   --->   "%ret_ln152 = ret" [../../Vitis_Libraries/vision/L1/include/imgproc/xf_magnitude.hpp:152]   --->   Operation 38 'ret' 'ret_ln152' <Predicate = (icmp_ln56)> <Delay = 0.00>

State 3 <SV = 2> <Delay = 1.88>
ST_3 : Operation 39 [1/1] (0.00ns)   --->   "%col_V = phi i11 0, void %.split3.i, i11 %col_V_9, void %.split.i"   --->   Operation 39 'phi' 'col_V' <Predicate = true> <Delay = 0.00>
ST_3 : Operation 40 [1/1] (1.63ns)   --->   "%col_V_9 = add i11 %col_V, i11 1"   --->   Operation 40 'add' 'col_V_9' <Predicate = true> <Delay = 1.63> <CoreInst = "Adder">   --->   Core 1 'Adder' <Latency = 0> <II = 1> <Delay = 1.63> <FuncUnit> <Opcode : 'add' 'sub'> <InPorts = 2> <OutPorts = 1>
ST_3 : Operation 41 [1/1] (1.88ns)   --->   "%icmp_ln62 = icmp_eq  i11 %col_V, i11 %img_width_read" [../../Vitis_Libraries/vision/L1/include/imgproc/xf_canny.hpp:62->../../Vitis_Libraries/vision/L1/include/imgproc/xf_magnitude.hpp:152]   --->   Operation 41 'icmp' 'icmp_ln62' <Predicate = true> <Delay = 1.88> <CoreInst = "Cmp">   --->   Core 9 'Cmp' <Latency = 0> <II = 1> <Delay = 1.88> <FuncUnit> <Opcode : 'icmp'> <InPorts = 2> <OutPorts = 1>
ST_3 : Operation 42 [1/1] (0.00ns)   --->   "%br_ln62 = br i1 %icmp_ln62, void %.split.i, void %._crit_edge.loopexit.i" [../../Vitis_Libraries/vision/L1/include/imgproc/xf_canny.hpp:62->../../Vitis_Libraries/vision/L1/include/imgproc/xf_magnitude.hpp:152]   --->   Operation 42 'br' 'br_ln62' <Predicate = true> <Delay = 0.00>

State 4 <SV = 3> <Delay = 7.26>
ST_4 : Operation 43 [1/1] (0.00ns)   --->   "%specpipeline_ln54 = specpipeline void @_ssdm_op_SpecPipeline, i32 4294967295, i32 0, i32 0, i32 0, void @empty_17" [../../Vitis_Libraries/vision/L1/include/imgproc/xf_canny.hpp:54->../../Vitis_Libraries/vision/L1/include/imgproc/xf_magnitude.hpp:152]   --->   Operation 43 'specpipeline' 'specpipeline_ln54' <Predicate = (!icmp_ln62)> <Delay = 0.00>
ST_4 : Operation 44 [1/1] (0.00ns)   --->   "%speclooptripcount_ln54 = speclooptripcount void @_ssdm_op_SpecLoopTripCount, i64 1920, i64 1920, i64 1920" [../../Vitis_Libraries/vision/L1/include/imgproc/xf_canny.hpp:54->../../Vitis_Libraries/vision/L1/include/imgproc/xf_magnitude.hpp:152]   --->   Operation 44 'speclooptripcount' 'speclooptripcount_ln54' <Predicate = (!icmp_ln62)> <Delay = 0.00>
ST_4 : Operation 45 [1/1] (0.00ns)   --->   "%specloopname_ln54 = specloopname void @_ssdm_op_SpecLoopName, void @empty_25" [../../Vitis_Libraries/vision/L1/include/imgproc/xf_canny.hpp:54->../../Vitis_Libraries/vision/L1/include/imgproc/xf_magnitude.hpp:152]   --->   Operation 45 'specloopname' 'specloopname_ln54' <Predicate = (!icmp_ln62)> <Delay = 0.00>
ST_4 : Operation 46 [1/1] (3.63ns)   --->   "%grady_mat_45_read = read i16 @_ssdm_op_Read.ap_fifo.volatile.i16P0A, i16 %grady_mat_45" [/tools/Xilinx/Vitis_HLS/2020.2/common/technology/autopilot/hls_stream_39.h:145]   --->   Operation 46 'read' 'grady_mat_45_read' <Predicate = (!icmp_ln62)> <Delay = 3.63> <CoreInst = "FIFO_SRL">   --->   Core 81 'FIFO_SRL' <Latency = 0> <II = 1> <Delay = 3.63> <Storage> <Opcode : 'read' 'write' 'nbread' 'nbwrite'> <Ports = 0> <Width = 16> <Depth = 2> <FIFO>
ST_4 : Operation 47 [1/1] (3.63ns)   --->   "%gradx_mat_42_read = read i16 @_ssdm_op_Read.ap_fifo.volatile.i16P0A, i16 %gradx_mat_42" [/tools/Xilinx/Vitis_HLS/2020.2/common/technology/autopilot/hls_stream_39.h:145]   --->   Operation 47 'read' 'gradx_mat_42_read' <Predicate = (!icmp_ln62)> <Delay = 3.63> <CoreInst = "FIFO_SRL">   --->   Core 81 'FIFO_SRL' <Latency = 0> <II = 1> <Delay = 3.63> <Storage> <Opcode : 'read' 'write' 'nbread' 'nbwrite'> <Ports = 0> <Width = 16> <Depth = 2> <FIFO>
ST_4 : Operation 48 [1/1] (3.63ns)   --->   "%write_ln174 = write void @_ssdm_op_Write.ap_fifo.volatile.i16P0A, i16 %gradx1_mat_43, i16 %gradx_mat_42_read" [/tools/Xilinx/Vitis_HLS/2020.2/common/technology/autopilot/hls_stream_39.h:174]   --->   Operation 48 'write' 'write_ln174' <Predicate = (!icmp_ln62)> <Delay = 3.63> <CoreInst = "FIFO_SRL">   --->   Core 81 'FIFO_SRL' <Latency = 0> <II = 1> <Delay = 3.63> <Storage> <Opcode : 'read' 'write' 'nbread' 'nbwrite'> <Ports = 0> <Width = 16> <Depth = 2> <FIFO>
ST_4 : Operation 49 [1/1] (3.63ns)   --->   "%write_ln174 = write void @_ssdm_op_Write.ap_fifo.volatile.i16P0A, i16 %gradx2_mat_44, i16 %gradx_mat_42_read" [/tools/Xilinx/Vitis_HLS/2020.2/common/technology/autopilot/hls_stream_39.h:174]   --->   Operation 49 'write' 'write_ln174' <Predicate = (!icmp_ln62)> <Delay = 3.63> <CoreInst = "FIFO_SRL">   --->   Core 81 'FIFO_SRL' <Latency = 0> <II = 1> <Delay = 3.63> <Storage> <Opcode : 'read' 'write' 'nbread' 'nbwrite'> <Ports = 0> <Width = 16> <Depth = 2> <FIFO>
ST_4 : Operation 50 [1/1] (3.63ns)   --->   "%write_ln174 = write void @_ssdm_op_Write.ap_fifo.volatile.i16P0A, i16 %grady1_mat_46, i16 %grady_mat_45_read" [/tools/Xilinx/Vitis_HLS/2020.2/common/technology/autopilot/hls_stream_39.h:174]   --->   Operation 50 'write' 'write_ln174' <Predicate = (!icmp_ln62)> <Delay = 3.63> <CoreInst = "FIFO_SRL">   --->   Core 81 'FIFO_SRL' <Latency = 0> <II = 1> <Delay = 3.63> <Storage> <Opcode : 'read' 'write' 'nbread' 'nbwrite'> <Ports = 0> <Width = 16> <Depth = 2> <FIFO>
ST_4 : Operation 51 [1/1] (3.63ns)   --->   "%write_ln174 = write void @_ssdm_op_Write.ap_fifo.volatile.i16P0A, i16 %grady2_mat_47, i16 %grady_mat_45_read" [/tools/Xilinx/Vitis_HLS/2020.2/common/technology/autopilot/hls_stream_39.h:174]   --->   Operation 51 'write' 'write_ln174' <Predicate = (!icmp_ln62)> <Delay = 3.63> <CoreInst = "FIFO_SRL">   --->   Core 81 'FIFO_SRL' <Latency = 0> <II = 1> <Delay = 3.63> <Storage> <Opcode : 'read' 'write' 'nbread' 'nbwrite'> <Ports = 0> <Width = 16> <Depth = 2> <FIFO>
ST_4 : Operation 52 [1/1] (0.00ns)   --->   "%br_ln0 = br void"   --->   Operation 52 'br' 'br_ln0' <Predicate = (!icmp_ln62)> <Delay = 0.00>

State 5 <SV = 3> <Delay = 0.00>
ST_5 : Operation 53 [1/1] (0.00ns)   --->   "%br_ln0 = br void"   --->   Operation 53 'br' 'br_ln0' <Predicate = true> <Delay = 0.00>


============================================================
+ Verbose Summary: Binding
============================================================
STG Binding: 
---------------- STG Properties BEGIN ----------------
- Is combinational: 0
- Is one-state seq: 0
- Is datapath-only: 0
- Is pipelined: 0
- Is top level: 0
Port [ Return ] is wired: 1; IO mode=ap_ctrl_hs:ce=0
Port [ gradx_mat_42]:  wired=1; compound=1; hidden=0; nouse=0; global=0; static=0; extern=0; dir=0; type=3; pingpong=0; private_global=0; IO mode=ap_fifo:ce=0
Port [ grady_mat_45]:  wired=1; compound=1; hidden=0; nouse=0; global=0; static=0; extern=0; dir=0; type=3; pingpong=0; private_global=0; IO mode=ap_fifo:ce=0
Port [ gradx1_mat_43]:  wired=1; compound=1; hidden=0; nouse=0; global=0; static=0; extern=0; dir=1; type=3; pingpong=0; private_global=0; IO mode=ap_fifo:ce=0
Port [ gradx2_mat_44]:  wired=1; compound=1; hidden=0; nouse=0; global=0; static=0; extern=0; dir=1; type=3; pingpong=0; private_global=0; IO mode=ap_fifo:ce=0
Port [ grady1_mat_46]:  wired=1; compound=1; hidden=0; nouse=0; global=0; static=0; extern=0; dir=1; type=3; pingpong=0; private_global=0; IO mode=ap_fifo:ce=0
Port [ grady2_mat_47]:  wired=1; compound=1; hidden=0; nouse=0; global=0; static=0; extern=0; dir=1; type=3; pingpong=0; private_global=0; IO mode=ap_fifo:ce=0
Port [ img_height]:  wired=1; compound=1; hidden=0; nouse=0; global=0; static=0; extern=0; dir=0; type=3; pingpong=0; private_global=0; IO mode=ap_fifo:ce=0
Port [ img_width]:  wired=1; compound=1; hidden=0; nouse=0; global=0; static=0; extern=0; dir=0; type=3; pingpong=0; private_global=0; IO mode=ap_fifo:ce=0
Port [ img_height_out]:  wired=1; compound=1; hidden=0; nouse=0; global=0; static=0; extern=0; dir=1; type=3; pingpong=0; private_global=0; IO mode=ap_fifo:ce=0
Port [ img_height_out1]:  wired=1; compound=1; hidden=0; nouse=0; global=0; static=0; extern=0; dir=1; type=3; pingpong=0; private_global=0; IO mode=ap_fifo:ce=0
Port [ img_width_out]:  wired=1; compound=1; hidden=0; nouse=0; global=0; static=0; extern=0; dir=1; type=3; pingpong=0; private_global=0; IO mode=ap_fifo:ce=0
Port [ img_width_out2]:  wired=1; compound=1; hidden=0; nouse=0; global=0; static=0; extern=0; dir=1; type=3; pingpong=0; private_global=0; IO mode=ap_fifo:ce=0
---------------- STG Properties END ------------------

---------------- Datapath Model BEGIN ----------------

<LifeTime>
<method=bitvector/>
specinterface_ln0      (specinterface    ) [ 000000]
specinterface_ln0      (specinterface    ) [ 000000]
specinterface_ln0      (specinterface    ) [ 000000]
specinterface_ln0      (specinterface    ) [ 000000]
specinterface_ln0      (specinterface    ) [ 000000]
specinterface_ln0      (specinterface    ) [ 000000]
specinterface_ln0      (specinterface    ) [ 000000]
specinterface_ln0      (specinterface    ) [ 000000]
img_height_read        (read             ) [ 001111]
img_width_read         (read             ) [ 001111]
specinterface_ln0      (specinterface    ) [ 000000]
write_ln152            (write            ) [ 000000]
specinterface_ln0      (specinterface    ) [ 000000]
write_ln152            (write            ) [ 000000]
specinterface_ln0      (specinterface    ) [ 000000]
write_ln152            (write            ) [ 000000]
specinterface_ln0      (specinterface    ) [ 000000]
write_ln152            (write            ) [ 000000]
specinterface_ln0      (specinterface    ) [ 000000]
specinterface_ln0      (specinterface    ) [ 000000]
specinterface_ln0      (specinterface    ) [ 000000]
specinterface_ln0      (specinterface    ) [ 000000]
specinterface_ln0      (specinterface    ) [ 000000]
specinterface_ln0      (specinterface    ) [ 000000]
br_ln56                (br               ) [ 011111]
row_V                  (phi              ) [ 001000]
row_V_3                (add              ) [ 011111]
icmp_ln56              (icmp             ) [ 001111]
br_ln56                (br               ) [ 000000]
speclooptripcount_ln54 (speclooptripcount) [ 000000]
specloopname_ln54      (specloopname     ) [ 000000]
br_ln62                (br               ) [ 001111]
ret_ln152              (ret              ) [ 000000]
col_V                  (phi              ) [ 000100]
col_V_9                (add              ) [ 001111]
icmp_ln62              (icmp             ) [ 001111]
br_ln62                (br               ) [ 000000]
specpipeline_ln54      (specpipeline     ) [ 000000]
speclooptripcount_ln54 (speclooptripcount) [ 000000]
specloopname_ln54      (specloopname     ) [ 000000]
grady_mat_45_read      (read             ) [ 000000]
gradx_mat_42_read      (read             ) [ 000000]
write_ln174            (write            ) [ 000000]
write_ln174            (write            ) [ 000000]
write_ln174            (write            ) [ 000000]
write_ln174            (write            ) [ 000000]
br_ln0                 (br               ) [ 001111]
br_ln0                 (br               ) [ 011111]
</LifeTime>

<model>

<comp_list>
<comp id="0" class="1000" name="gradx_mat_42">
<pin_list>
<pin id="1" dir="1" index="0" bw="1" slack="0"/>
</pin_list>
<bind>
<StgValue><ssdm name="gradx_mat_42"/></StgValue>
</bind>
</comp>

<comp id="2" class="1000" name="grady_mat_45">
<pin_list>
<pin id="3" dir="1" index="0" bw="1" slack="0"/>
</pin_list>
<bind>
<StgValue><ssdm name="grady_mat_45"/></StgValue>
</bind>
</comp>

<comp id="4" class="1000" name="gradx1_mat_43">
<pin_list>
<pin id="5" dir="1" index="0" bw="1" slack="0"/>
</pin_list>
<bind>
<StgValue><ssdm name="gradx1_mat_43"/></StgValue>
</bind>
</comp>

<comp id="6" class="1000" name="gradx2_mat_44">
<pin_list>
<pin id="7" dir="1" index="0" bw="1" slack="0"/>
</pin_list>
<bind>
<StgValue><ssdm name="gradx2_mat_44"/></StgValue>
</bind>
</comp>

<comp id="8" class="1000" name="grady1_mat_46">
<pin_list>
<pin id="9" dir="1" index="0" bw="1" slack="0"/>
</pin_list>
<bind>
<StgValue><ssdm name="grady1_mat_46"/></StgValue>
</bind>
</comp>

<comp id="10" class="1000" name="grady2_mat_47">
<pin_list>
<pin id="11" dir="1" index="0" bw="1" slack="0"/>
</pin_list>
<bind>
<StgValue><ssdm name="grady2_mat_47"/></StgValue>
</bind>
</comp>

<comp id="12" class="1000" name="img_height">
<pin_list>
<pin id="13" dir="1" index="0" bw="1" slack="0"/>
</pin_list>
<bind>
<StgValue><ssdm name="img_height"/></StgValue>
</bind>
</comp>

<comp id="14" class="1000" name="img_width">
<pin_list>
<pin id="15" dir="1" index="0" bw="1" slack="0"/>
</pin_list>
<bind>
<StgValue><ssdm name="img_width"/></StgValue>
</bind>
</comp>

<comp id="16" class="1000" name="img_height_out">
<pin_list>
<pin id="17" dir="1" index="0" bw="1" slack="0"/>
</pin_list>
<bind>
<StgValue><ssdm name="img_height_out"/></StgValue>
</bind>
</comp>

<comp id="18" class="1000" name="img_height_out1">
<pin_list>
<pin id="19" dir="1" index="0" bw="1" slack="0"/>
</pin_list>
<bind>
<StgValue><ssdm name="img_height_out1"/></StgValue>
</bind>
</comp>

<comp id="20" class="1000" name="img_width_out">
<pin_list>
<pin id="21" dir="1" index="0" bw="1" slack="0"/>
</pin_list>
<bind>
<StgValue><ssdm name="img_width_out"/></StgValue>
</bind>
</comp>

<comp id="22" class="1000" name="img_width_out2">
<pin_list>
<pin id="23" dir="1" index="0" bw="1" slack="0"/>
</pin_list>
<bind>
<StgValue><ssdm name="img_width_out2"/></StgValue>
</bind>
</comp>

<comp id="24" class="1001" name="const_24">
<pin_list>
<pin id="25" dir="1" index="0" bw="1" slack="2147483647"/>
</pin_list>
<bind>
<StgValue><ssdm name="_ssdm_op_SpecInterface"/></StgValue>
</bind>
</comp>

<comp id="26" class="1001" name="const_26">
<pin_list>
<pin id="27" dir="1" index="0" bw="1" slack="2147483647"/>
</pin_list>
<bind>
<StgValue><ssdm name="empty_13"/></StgValue>
</bind>
</comp>

<comp id="28" class="1001" name="const_28">
<pin_list>
<pin id="29" dir="1" index="0" bw="1" slack="2147483647"/>
</pin_list>
<bind>
<StgValue><ssdm name=""/></StgValue>
</bind>
</comp>

<comp id="30" class="1001" name="const_30">
<pin_list>
<pin id="31" dir="1" index="0" bw="1" slack="2147483647"/>
</pin_list>
<bind>
<StgValue><ssdm name="empty_17"/></StgValue>
</bind>
</comp>

<comp id="32" class="1001" name="const_32">
<pin_list>
<pin id="33" dir="1" index="0" bw="1" slack="2147483647"/>
</pin_list>
<bind>
<StgValue><ssdm name="ap_fifo_str"/></StgValue>
</bind>
</comp>

<comp id="34" class="1001" name="const_34">
<pin_list>
<pin id="35" dir="1" index="0" bw="1" slack="2147483647"/>
</pin_list>
<bind>
<StgValue><ssdm name="p_str"/></StgValue>
</bind>
</comp>

<comp id="36" class="1001" name="const_36">
<pin_list>
<pin id="37" dir="1" index="0" bw="1" slack="2147483647"/>
</pin_list>
<bind>
<StgValue><ssdm name=""/></StgValue>
</bind>
</comp>

<comp id="38" class="1001" name="const_38">
<pin_list>
<pin id="39" dir="1" index="0" bw="1" slack="2147483647"/>
</pin_list>
<bind>
<StgValue><ssdm name=""/></StgValue>
</bind>
</comp>

<comp id="40" class="1001" name="const_40">
<pin_list>
<pin id="41" dir="1" index="0" bw="1" slack="2147483647"/>
</pin_list>
<bind>
<StgValue><ssdm name="ScalarProp_str"/></StgValue>
</bind>
</comp>

<comp id="42" class="1001" name="const_42">
<pin_list>
<pin id="43" dir="1" index="0" bw="1" slack="0"/>
</pin_list>
<bind>
<StgValue><ssdm name="_ssdm_op_Read.ap_fifo.i11P0A"/></StgValue>
</bind>
</comp>

<comp id="44" class="1001" name="const_44">
<pin_list>
<pin id="45" dir="1" index="0" bw="1" slack="0"/>
</pin_list>
<bind>
<StgValue><ssdm name="_ssdm_op_Write.ap_fifo.i11P0A"/></StgValue>
</bind>
</comp>

<comp id="46" class="1001" name="const_46">
<pin_list>
<pin id="47" dir="1" index="0" bw="1" slack="1"/>
</pin_list>
<bind>
<StgValue><ssdm name=""/></StgValue>
</bind>
</comp>

<comp id="48" class="1001" name="const_48">
<pin_list>
<pin id="49" dir="1" index="0" bw="1" slack="0"/>
</pin_list>
<bind>
<StgValue><ssdm name=""/></StgValue>
</bind>
</comp>

<comp id="50" class="1001" name="const_50">
<pin_list>
<pin id="51" dir="1" index="0" bw="1" slack="2147483647"/>
</pin_list>
<bind>
<StgValue><ssdm name="_ssdm_op_SpecLoopTripCount"/></StgValue>
</bind>
</comp>

<comp id="52" class="1001" name="const_52">
<pin_list>
<pin id="53" dir="1" index="0" bw="1" slack="2147483647"/>
</pin_list>
<bind>
<StgValue><ssdm name=""/></StgValue>
</bind>
</comp>

<comp id="54" class="1001" name="const_54">
<pin_list>
<pin id="55" dir="1" index="0" bw="1" slack="2147483647"/>
</pin_list>
<bind>
<StgValue><ssdm name="_ssdm_op_SpecLoopName"/></StgValue>
</bind>
</comp>

<comp id="56" class="1001" name="const_56">
<pin_list>
<pin id="57" dir="1" index="0" bw="1" slack="2147483647"/>
</pin_list>
<bind>
<StgValue><ssdm name="empty_12"/></StgValue>
</bind>
</comp>

<comp id="58" class="1001" name="const_58">
<pin_list>
<pin id="59" dir="1" index="0" bw="1" slack="2147483647"/>
</pin_list>
<bind>
<StgValue><ssdm name="_ssdm_op_SpecPipeline"/></StgValue>
</bind>
</comp>

<comp id="60" class="1001" name="const_60">
<pin_list>
<pin id="61" dir="1" index="0" bw="1" slack="2147483647"/>
</pin_list>
<bind>
<StgValue><ssdm name=""/></StgValue>
</bind>
</comp>

<comp id="62" class="1001" name="const_62">
<pin_list>
<pin id="63" dir="1" index="0" bw="1" slack="2147483647"/>
</pin_list>
<bind>
<StgValue><ssdm name=""/></StgValue>
</bind>
</comp>

<comp id="64" class="1001" name="const_64">
<pin_list>
<pin id="65" dir="1" index="0" bw="1" slack="2147483647"/>
</pin_list>
<bind>
<StgValue><ssdm name="empty_25"/></StgValue>
</bind>
</comp>

<comp id="66" class="1001" name="const_66">
<pin_list>
<pin id="67" dir="1" index="0" bw="1" slack="0"/>
</pin_list>
<bind>
<StgValue><ssdm name="_ssdm_op_Read.ap_fifo.volatile.i16P0A"/></StgValue>
</bind>
</comp>

<comp id="68" class="1001" name="const_68">
<pin_list>
<pin id="69" dir="1" index="0" bw="1" slack="0"/>
</pin_list>
<bind>
<StgValue><ssdm name="_ssdm_op_Write.ap_fifo.volatile.i16P0A"/></StgValue>
</bind>
</comp>

<comp id="70" class="1004" name="img_height_read_read_fu_70">
<pin_list>
<pin id="71" dir="0" index="0" bw="11" slack="0"/>
<pin id="72" dir="0" index="1" bw="11" slack="0"/>
<pin id="73" dir="1" index="2" bw="11" slack="0"/>
</pin_list>
<bind>
<opcode="read(1150) " fcode="read"/>
<opset="img_height_read/1 "/>
</bind>
</comp>

<comp id="76" class="1004" name="img_width_read_read_fu_76">
<pin_list>
<pin id="77" dir="0" index="0" bw="11" slack="0"/>
<pin id="78" dir="0" index="1" bw="11" slack="0"/>
<pin id="79" dir="1" index="2" bw="11" slack="0"/>
</pin_list>
<bind>
<opcode="read(1150) " fcode="read"/>
<opset="img_width_read/1 "/>
</bind>
</comp>

<comp id="82" class="1004" name="write_ln152_write_fu_82">
<pin_list>
<pin id="83" dir="0" index="0" bw="0" slack="0"/>
<pin id="84" dir="0" index="1" bw="11" slack="0"/>
<pin id="85" dir="0" index="2" bw="11" slack="0"/>
<pin id="86" dir="1" index="3" bw="0" slack="2147483647"/>
</pin_list>
<bind>
<opcode="write(1151) " fcode="write"/>
<opset="write_ln152/1 "/>
</bind>
</comp>

<comp id="90" class="1004" name="write_ln152_write_fu_90">
<pin_list>
<pin id="91" dir="0" index="0" bw="0" slack="0"/>
<pin id="92" dir="0" index="1" bw="11" slack="0"/>
<pin id="93" dir="0" index="2" bw="11" slack="0"/>
<pin id="94" dir="1" index="3" bw="0" slack="2147483647"/>
</pin_list>
<bind>
<opcode="write(1151) " fcode="write"/>
<opset="write_ln152/1 "/>
</bind>
</comp>

<comp id="98" class="1004" name="write_ln152_write_fu_98">
<pin_list>
<pin id="99" dir="0" index="0" bw="0" slack="0"/>
<pin id="100" dir="0" index="1" bw="11" slack="0"/>
<pin id="101" dir="0" index="2" bw="11" slack="0"/>
<pin id="102" dir="1" index="3" bw="0" slack="2147483647"/>
</pin_list>
<bind>
<opcode="write(1151) " fcode="write"/>
<opset="write_ln152/1 "/>
</bind>
</comp>

<comp id="106" class="1004" name="write_ln152_write_fu_106">
<pin_list>
<pin id="107" dir="0" index="0" bw="0" slack="0"/>
<pin id="108" dir="0" index="1" bw="11" slack="0"/>
<pin id="109" dir="0" index="2" bw="11" slack="0"/>
<pin id="110" dir="1" index="3" bw="0" slack="2147483647"/>
</pin_list>
<bind>
<opcode="write(1151) " fcode="write"/>
<opset="write_ln152/1 "/>
</bind>
</comp>

<comp id="114" class="1004" name="grady_mat_45_read_read_fu_114">
<pin_list>
<pin id="115" dir="0" index="0" bw="16" slack="0"/>
<pin id="116" dir="0" index="1" bw="16" slack="0"/>
<pin id="117" dir="1" index="2" bw="16" slack="0"/>
</pin_list>
<bind>
<opcode="read(1150) " fcode="read"/>
<opset="grady_mat_45_read/4 "/>
</bind>
</comp>

<comp id="120" class="1004" name="gradx_mat_42_read_read_fu_120">
<pin_list>
<pin id="121" dir="0" index="0" bw="16" slack="0"/>
<pin id="122" dir="0" index="1" bw="16" slack="0"/>
<pin id="123" dir="1" index="2" bw="16" slack="0"/>
</pin_list>
<bind>
<opcode="read(1150) " fcode="read"/>
<opset="gradx_mat_42_read/4 "/>
</bind>
</comp>

<comp id="126" class="1004" name="write_ln174_write_fu_126">
<pin_list>
<pin id="127" dir="0" index="0" bw="0" slack="0"/>
<pin id="128" dir="0" index="1" bw="16" slack="0"/>
<pin id="129" dir="0" index="2" bw="16" slack="0"/>
<pin id="130" dir="1" index="3" bw="0" slack="2147483647"/>
</pin_list>
<bind>
<opcode="write(1151) " fcode="write"/>
<opset="write_ln174/4 "/>
</bind>
</comp>

<comp id="134" class="1004" name="write_ln174_write_fu_134">
<pin_list>
<pin id="135" dir="0" index="0" bw="0" slack="0"/>
<pin id="136" dir="0" index="1" bw="16" slack="0"/>
<pin id="137" dir="0" index="2" bw="16" slack="0"/>
<pin id="138" dir="1" index="3" bw="0" slack="2147483647"/>
</pin_list>
<bind>
<opcode="write(1151) " fcode="write"/>
<opset="write_ln174/4 "/>
</bind>
</comp>

<comp id="142" class="1004" name="write_ln174_write_fu_142">
<pin_list>
<pin id="143" dir="0" index="0" bw="0" slack="0"/>
<pin id="144" dir="0" index="1" bw="16" slack="0"/>
<pin id="145" dir="0" index="2" bw="16" slack="0"/>
<pin id="146" dir="1" index="3" bw="0" slack="2147483647"/>
</pin_list>
<bind>
<opcode="write(1151) " fcode="write"/>
<opset="write_ln174/4 "/>
</bind>
</comp>

<comp id="150" class="1004" name="write_ln174_write_fu_150">
<pin_list>
<pin id="151" dir="0" index="0" bw="0" slack="0"/>
<pin id="152" dir="0" index="1" bw="16" slack="0"/>
<pin id="153" dir="0" index="2" bw="16" slack="0"/>
<pin id="154" dir="1" index="3" bw="0" slack="2147483647"/>
</pin_list>
<bind>
<opcode="write(1151) " fcode="write"/>
<opset="write_ln174/4 "/>
</bind>
</comp>

<comp id="158" class="1005" name="row_V_reg_158">
<pin_list>
<pin id="159" dir="0" index="0" bw="11" slack="1"/>
<pin id="160" dir="1" index="1" bw="11" slack="1"/>
</pin_list>
<bind>
<opset="row_V (phireg) "/>
</bind>
</comp>

<comp id="162" class="1004" name="row_V_phi_fu_162">
<pin_list>
<pin id="163" dir="0" index="0" bw="1" slack="1"/>
<pin id="164" dir="0" index="1" bw="0" slack="2147483647"/>
<pin id="165" dir="0" index="2" bw="11" slack="0"/>
<pin id="166" dir="0" index="3" bw="0" slack="2147483647"/>
<pin id="167" dir="1" index="4" bw="11" slack="0"/>
</pin_list>
<bind>
<opcode="phi(47) " fcode="phi"/>
<opset="row_V/2 "/>
</bind>
</comp>

<comp id="169" class="1005" name="col_V_reg_169">
<pin_list>
<pin id="170" dir="0" index="0" bw="11" slack="1"/>
<pin id="171" dir="1" index="1" bw="11" slack="1"/>
</pin_list>
<bind>
<opset="col_V (phireg) "/>
</bind>
</comp>

<comp id="173" class="1004" name="col_V_phi_fu_173">
<pin_list>
<pin id="174" dir="0" index="0" bw="1" slack="1"/>
<pin id="175" dir="0" index="1" bw="0" slack="2147483647"/>
<pin id="176" dir="0" index="2" bw="11" slack="0"/>
<pin id="177" dir="0" index="3" bw="0" slack="2147483647"/>
<pin id="178" dir="1" index="4" bw="11" slack="0"/>
</pin_list>
<bind>
<opcode="phi(47) " fcode="phi"/>
<opset="col_V/3 "/>
</bind>
</comp>

<comp id="180" class="1004" name="row_V_3_fu_180">
<pin_list>
<pin id="181" dir="0" index="0" bw="11" slack="0"/>
<pin id="182" dir="0" index="1" bw="1" slack="0"/>
<pin id="183" dir="1" index="2" bw="11" slack="0"/>
</pin_list>
<bind>
<opcode="add(8) " fcode="add"/>
<opset="row_V_3/2 "/>
</bind>
</comp>

<comp id="186" class="1004" name="icmp_ln56_fu_186">
<pin_list>
<pin id="187" dir="0" index="0" bw="11" slack="0"/>
<pin id="188" dir="0" index="1" bw="11" slack="1"/>
<pin id="189" dir="1" index="2" bw="1" slack="1"/>
</pin_list>
<bind>
<opcode="icmp(45) " fcode="icmp"/>
<opset="icmp_ln56/2 "/>
</bind>
</comp>

<comp id="191" class="1004" name="col_V_9_fu_191">
<pin_list>
<pin id="192" dir="0" index="0" bw="11" slack="0"/>
<pin id="193" dir="0" index="1" bw="1" slack="0"/>
<pin id="194" dir="1" index="2" bw="11" slack="0"/>
</pin_list>
<bind>
<opcode="add(8) " fcode="add"/>
<opset="col_V_9/3 "/>
</bind>
</comp>

<comp id="197" class="1004" name="icmp_ln62_fu_197">
<pin_list>
<pin id="198" dir="0" index="0" bw="11" slack="0"/>
<pin id="199" dir="0" index="1" bw="11" slack="2"/>
<pin id="200" dir="1" index="2" bw="1" slack="1"/>
</pin_list>
<bind>
<opcode="icmp(45) " fcode="icmp"/>
<opset="icmp_ln62/3 "/>
</bind>
</comp>

<comp id="202" class="1005" name="img_height_read_reg_202">
<pin_list>
<pin id="203" dir="0" index="0" bw="11" slack="1"/>
<pin id="204" dir="1" index="1" bw="11" slack="1"/>
</pin_list>
<bind>
<opset="img_height_read "/>
</bind>
</comp>

<comp id="207" class="1005" name="img_width_read_reg_207">
<pin_list>
<pin id="208" dir="0" index="0" bw="11" slack="2"/>
<pin id="209" dir="1" index="1" bw="11" slack="2"/>
</pin_list>
<bind>
<opset="img_width_read "/>
</bind>
</comp>

<comp id="212" class="1005" name="row_V_3_reg_212">
<pin_list>
<pin id="213" dir="0" index="0" bw="11" slack="0"/>
<pin id="214" dir="1" index="1" bw="11" slack="0"/>
</pin_list>
<bind>
<opset="row_V_3 "/>
</bind>
</comp>

<comp id="217" class="1005" name="icmp_ln56_reg_217">
<pin_list>
<pin id="218" dir="0" index="0" bw="1" slack="1"/>
<pin id="219" dir="1" index="1" bw="1" slack="2147483647"/>
</pin_list>
<bind>
<opset="icmp_ln56 "/>
</bind>
</comp>

<comp id="221" class="1005" name="col_V_9_reg_221">
<pin_list>
<pin id="222" dir="0" index="0" bw="11" slack="0"/>
<pin id="223" dir="1" index="1" bw="11" slack="0"/>
</pin_list>
<bind>
<opset="col_V_9 "/>
</bind>
</comp>

<comp id="226" class="1005" name="icmp_ln62_reg_226">
<pin_list>
<pin id="227" dir="0" index="0" bw="1" slack="1"/>
<pin id="228" dir="1" index="1" bw="1" slack="2147483647"/>
</pin_list>
<bind>
<opset="icmp_ln62 "/>
</bind>
</comp>

</comp_list>

<net_list>
<net id="74"><net_src comp="42" pin="0"/><net_sink comp="70" pin=0"/></net>

<net id="75"><net_src comp="12" pin="0"/><net_sink comp="70" pin=1"/></net>

<net id="80"><net_src comp="42" pin="0"/><net_sink comp="76" pin=0"/></net>

<net id="81"><net_src comp="14" pin="0"/><net_sink comp="76" pin=1"/></net>

<net id="87"><net_src comp="44" pin="0"/><net_sink comp="82" pin=0"/></net>

<net id="88"><net_src comp="16" pin="0"/><net_sink comp="82" pin=1"/></net>

<net id="89"><net_src comp="70" pin="2"/><net_sink comp="82" pin=2"/></net>

<net id="95"><net_src comp="44" pin="0"/><net_sink comp="90" pin=0"/></net>

<net id="96"><net_src comp="18" pin="0"/><net_sink comp="90" pin=1"/></net>

<net id="97"><net_src comp="70" pin="2"/><net_sink comp="90" pin=2"/></net>

<net id="103"><net_src comp="44" pin="0"/><net_sink comp="98" pin=0"/></net>

<net id="104"><net_src comp="20" pin="0"/><net_sink comp="98" pin=1"/></net>

<net id="105"><net_src comp="76" pin="2"/><net_sink comp="98" pin=2"/></net>

<net id="111"><net_src comp="44" pin="0"/><net_sink comp="106" pin=0"/></net>

<net id="112"><net_src comp="22" pin="0"/><net_sink comp="106" pin=1"/></net>

<net id="113"><net_src comp="76" pin="2"/><net_sink comp="106" pin=2"/></net>

<net id="118"><net_src comp="66" pin="0"/><net_sink comp="114" pin=0"/></net>

<net id="119"><net_src comp="2" pin="0"/><net_sink comp="114" pin=1"/></net>

<net id="124"><net_src comp="66" pin="0"/><net_sink comp="120" pin=0"/></net>

<net id="125"><net_src comp="0" pin="0"/><net_sink comp="120" pin=1"/></net>

<net id="131"><net_src comp="68" pin="0"/><net_sink comp="126" pin=0"/></net>

<net id="132"><net_src comp="4" pin="0"/><net_sink comp="126" pin=1"/></net>

<net id="133"><net_src comp="120" pin="2"/><net_sink comp="126" pin=2"/></net>

<net id="139"><net_src comp="68" pin="0"/><net_sink comp="134" pin=0"/></net>

<net id="140"><net_src comp="6" pin="0"/><net_sink comp="134" pin=1"/></net>

<net id="141"><net_src comp="120" pin="2"/><net_sink comp="134" pin=2"/></net>

<net id="147"><net_src comp="68" pin="0"/><net_sink comp="142" pin=0"/></net>

<net id="148"><net_src comp="8" pin="0"/><net_sink comp="142" pin=1"/></net>

<net id="149"><net_src comp="114" pin="2"/><net_sink comp="142" pin=2"/></net>

<net id="155"><net_src comp="68" pin="0"/><net_sink comp="150" pin=0"/></net>

<net id="156"><net_src comp="10" pin="0"/><net_sink comp="150" pin=1"/></net>

<net id="157"><net_src comp="114" pin="2"/><net_sink comp="150" pin=2"/></net>

<net id="161"><net_src comp="46" pin="0"/><net_sink comp="158" pin=0"/></net>

<net id="168"><net_src comp="158" pin="1"/><net_sink comp="162" pin=0"/></net>

<net id="172"><net_src comp="46" pin="0"/><net_sink comp="169" pin=0"/></net>

<net id="179"><net_src comp="169" pin="1"/><net_sink comp="173" pin=0"/></net>

<net id="184"><net_src comp="162" pin="4"/><net_sink comp="180" pin=0"/></net>

<net id="185"><net_src comp="48" pin="0"/><net_sink comp="180" pin=1"/></net>

<net id="190"><net_src comp="162" pin="4"/><net_sink comp="186" pin=0"/></net>

<net id="195"><net_src comp="173" pin="4"/><net_sink comp="191" pin=0"/></net>

<net id="196"><net_src comp="48" pin="0"/><net_sink comp="191" pin=1"/></net>

<net id="201"><net_src comp="173" pin="4"/><net_sink comp="197" pin=0"/></net>

<net id="205"><net_src comp="70" pin="2"/><net_sink comp="202" pin=0"/></net>

<net id="206"><net_src comp="202" pin="1"/><net_sink comp="186" pin=1"/></net>

<net id="210"><net_src comp="76" pin="2"/><net_sink comp="207" pin=0"/></net>

<net id="211"><net_src comp="207" pin="1"/><net_sink comp="197" pin=1"/></net>

<net id="215"><net_src comp="180" pin="2"/><net_sink comp="212" pin=0"/></net>

<net id="216"><net_src comp="212" pin="1"/><net_sink comp="162" pin=2"/></net>

<net id="220"><net_src comp="186" pin="2"/><net_sink comp="217" pin=0"/></net>

<net id="224"><net_src comp="191" pin="2"/><net_sink comp="221" pin=0"/></net>

<net id="225"><net_src comp="221" pin="1"/><net_sink comp="173" pin=2"/></net>

<net id="229"><net_src comp="197" pin="2"/><net_sink comp="226" pin=0"/></net>

</net_list>

</model> 
---------------- Datapath Model END ------------------

* FSMD analyzer results:
  - Output states:
	Port: gradx1_mat_43 | {4 }
	Port: gradx2_mat_44 | {4 }
	Port: grady1_mat_46 | {4 }
	Port: grady2_mat_47 | {4 }
	Port: img_height_out | {1 }
	Port: img_height_out1 | {1 }
	Port: img_width_out | {1 }
	Port: img_width_out2 | {1 }
 - Input state : 
	Port: xFDuplicate_rows<2, 1080, 1920, 3, 1, 5, 1920> : gradx_mat_42 | {4 }
	Port: xFDuplicate_rows<2, 1080, 1920, 3, 1, 5, 1920> : grady_mat_45 | {4 }
	Port: xFDuplicate_rows<2, 1080, 1920, 3, 1, 5, 1920> : img_height | {1 }
	Port: xFDuplicate_rows<2, 1080, 1920, 3, 1, 5, 1920> : img_width | {1 }
  - Chain level:
	State 1
	State 2
		row_V_3 : 1
		icmp_ln56 : 1
		br_ln56 : 2
	State 3
		col_V_9 : 1
		icmp_ln62 : 1
		br_ln62 : 2
	State 4
	State 5


============================================================
+ Verbose Summary: Datapath Resource usage 
============================================================

* Functional unit list:
|----------|-------------------------------|---------|---------|
| Operation|        Functional Unit        |    FF   |   LUT   |
|----------|-------------------------------|---------|---------|
|    add   |         row_V_3_fu_180        |    0    |    12   |
|          |         col_V_9_fu_191        |    0    |    12   |
|----------|-------------------------------|---------|---------|
|   icmp   |        icmp_ln56_fu_186       |    0    |    11   |
|          |        icmp_ln62_fu_197       |    0    |    11   |
|----------|-------------------------------|---------|---------|
|          |   img_height_read_read_fu_70  |    0    |    0    |
|   read   |   img_width_read_read_fu_76   |    0    |    0    |
|          | grady_mat_45_read_read_fu_114 |    0    |    0    |
|          | gradx_mat_42_read_read_fu_120 |    0    |    0    |
|----------|-------------------------------|---------|---------|
|          |    write_ln152_write_fu_82    |    0    |    0    |
|          |    write_ln152_write_fu_90    |    0    |    0    |
|          |    write_ln152_write_fu_98    |    0    |    0    |
|   write  |    write_ln152_write_fu_106   |    0    |    0    |
|          |    write_ln174_write_fu_126   |    0    |    0    |
|          |    write_ln174_write_fu_134   |    0    |    0    |
|          |    write_ln174_write_fu_142   |    0    |    0    |
|          |    write_ln174_write_fu_150   |    0    |    0    |
|----------|-------------------------------|---------|---------|
|   Total  |                               |    0    |    46   |
|----------|-------------------------------|---------|---------|

Memories:
N/A

* Register list:
+-----------------------+--------+
|                       |   FF   |
+-----------------------+--------+
|    col_V_9_reg_221    |   11   |
|     col_V_reg_169     |   11   |
|   icmp_ln56_reg_217   |    1   |
|   icmp_ln62_reg_226   |    1   |
|img_height_read_reg_202|   11   |
| img_width_read_reg_207|   11   |
|    row_V_3_reg_212    |   11   |
|     row_V_reg_158     |   11   |
+-----------------------+--------+
|         Total         |   68   |
+-----------------------+--------+

* Multiplexer (MUX) list: 
|--------|------|------|------|--------|
|  Comp  |  Pin | Size |  BW  | S x BW |
|--------|------|------|------|--------|
|  Total |      |      |      |    0   |
|--------|------|------|------|--------|



* Summary:
+-----------+--------+--------+
|           |   FF   |   LUT  |
+-----------+--------+--------+
|  Function |    0   |   46   |
|   Memory  |    -   |    -   |
|Multiplexer|    -   |    -   |
|  Register |   68   |    -   |
+-----------+--------+--------+
|   Total   |   68   |   46   |
+-----------+--------+--------+
